Archive member included to satisfy reference by file (symbol)

e:/stmcubeide/stm32cubeide_1.1.0/stm32cubeide/plugins/com.st.stm32cube.ide.mcu.externaltools.gnu-tools-for-stm32.7-2018-q2-update.win32_1.0.0.201904181610/tools/bin/../lib/gcc/arm-none-eabi/7.3.1/../../../../arm-none-eabi/lib/thumb/v6-m\libc_nano.a(lib_a-errno.o)
                              Core/Src/syscalls.o (__errno)
e:/stmcubeide/stm32cubeide_1.1.0/stm32cubeide/plugins/com.st.stm32cube.ide.mcu.externaltools.gnu-tools-for-stm32.7-2018-q2-update.win32_1.0.0.201904181610/tools/bin/../lib/gcc/arm-none-eabi/7.3.1/../../../../arm-none-eabi/lib/thumb/v6-m\libc_nano.a(lib_a-exit.o)
                              e:/stmcubeide/stm32cubeide_1.1.0/stm32cubeide/plugins/com.st.stm32cube.ide.mcu.externaltools.gnu-tools-for-stm32.7-2018-q2-update.win32_1.0.0.201904181610/tools/bin/../lib/gcc/arm-none-eabi/7.3.1/../../../../arm-none-eabi/lib/thumb/v6-m/crt0.o (exit)
e:/stmcubeide/stm32cubeide_1.1.0/stm32cubeide/plugins/com.st.stm32cube.ide.mcu.externaltools.gnu-tools-for-stm32.7-2018-q2-update.win32_1.0.0.201904181610/tools/bin/../lib/gcc/arm-none-eabi/7.3.1/../../../../arm-none-eabi/lib/thumb/v6-m\libc_nano.a(lib_a-impure.o)
                              e:/stmcubeide/stm32cubeide_1.1.0/stm32cubeide/plugins/com.st.stm32cube.ide.mcu.externaltools.gnu-tools-for-stm32.7-2018-q2-update.win32_1.0.0.201904181610/tools/bin/../lib/gcc/arm-none-eabi/7.3.1/../../../../arm-none-eabi/lib/thumb/v6-m\libc_nano.a(lib_a-exit.o) (_global_impure_ptr)
e:/stmcubeide/stm32cubeide_1.1.0/stm32cubeide/plugins/com.st.stm32cube.ide.mcu.externaltools.gnu-tools-for-stm32.7-2018-q2-update.win32_1.0.0.201904181610/tools/bin/../lib/gcc/arm-none-eabi/7.3.1/../../../../arm-none-eabi/lib/thumb/v6-m\libc_nano.a(lib_a-init.o)
                              e:/stmcubeide/stm32cubeide_1.1.0/stm32cubeide/plugins/com.st.stm32cube.ide.mcu.externaltools.gnu-tools-for-stm32.7-2018-q2-update.win32_1.0.0.201904181610/tools/bin/../lib/gcc/arm-none-eabi/7.3.1/../../../../arm-none-eabi/lib/thumb/v6-m/crt0.o (__libc_init_array)
e:/stmcubeide/stm32cubeide_1.1.0/stm32cubeide/plugins/com.st.stm32cube.ide.mcu.externaltools.gnu-tools-for-stm32.7-2018-q2-update.win32_1.0.0.201904181610/tools/bin/../lib/gcc/arm-none-eabi/7.3.1/../../../../arm-none-eabi/lib/thumb/v6-m\libc_nano.a(lib_a-memset.o)
                              e:/stmcubeide/stm32cubeide_1.1.0/stm32cubeide/plugins/com.st.stm32cube.ide.mcu.externaltools.gnu-tools-for-stm32.7-2018-q2-update.win32_1.0.0.201904181610/tools/bin/../lib/gcc/arm-none-eabi/7.3.1/../../../../arm-none-eabi/lib/thumb/v6-m/crt0.o (memset)
e:/stmcubeide/stm32cubeide_1.1.0/stm32cubeide/plugins/com.st.stm32cube.ide.mcu.externaltools.gnu-tools-for-stm32.7-2018-q2-update.win32_1.0.0.201904181610/tools/bin/../lib/gcc/arm-none-eabi/7.3.1/thumb/v6-m\libgcc.a(_udivsi3.o)
                              Core/Src/system_stm32l0xx.o (__aeabi_uidiv)
e:/stmcubeide/stm32cubeide_1.1.0/stm32cubeide/plugins/com.st.stm32cube.ide.mcu.externaltools.gnu-tools-for-stm32.7-2018-q2-update.win32_1.0.0.201904181610/tools/bin/../lib/gcc/arm-none-eabi/7.3.1/thumb/v6-m\libgcc.a(_divsi3.o)
                              Core/Src/ADXL.o (__aeabi_idivmod)
e:/stmcubeide/stm32cubeide_1.1.0/stm32cubeide/plugins/com.st.stm32cube.ide.mcu.externaltools.gnu-tools-for-stm32.7-2018-q2-update.win32_1.0.0.201904181610/tools/bin/../lib/gcc/arm-none-eabi/7.3.1/thumb/v6-m\libgcc.a(_dvmd_tls.o)
                              e:/stmcubeide/stm32cubeide_1.1.0/stm32cubeide/plugins/com.st.stm32cube.ide.mcu.externaltools.gnu-tools-for-stm32.7-2018-q2-update.win32_1.0.0.201904181610/tools/bin/../lib/gcc/arm-none-eabi/7.3.1/thumb/v6-m\libgcc.a(_udivsi3.o) (__aeabi_idiv0)
e:/stmcubeide/stm32cubeide_1.1.0/stm32cubeide/plugins/com.st.stm32cube.ide.mcu.externaltools.gnu-tools-for-stm32.7-2018-q2-update.win32_1.0.0.201904181610/tools/bin/../lib/gcc/arm-none-eabi/7.3.1/thumb/v6-m\libgcc.a(mulsf3.o)
                              Core/Src/ADXL.o (__aeabi_fmul)
e:/stmcubeide/stm32cubeide_1.1.0/stm32cubeide/plugins/com.st.stm32cube.ide.mcu.externaltools.gnu-tools-for-stm32.7-2018-q2-update.win32_1.0.0.201904181610/tools/bin/../lib/gcc/arm-none-eabi/7.3.1/thumb/v6-m\libgcc.a(floatsisf.o)
                              Core/Src/ADXL.o (__aeabi_i2f)
e:/stmcubeide/stm32cubeide_1.1.0/stm32cubeide/plugins/com.st.stm32cube.ide.mcu.externaltools.gnu-tools-for-stm32.7-2018-q2-update.win32_1.0.0.201904181610/tools/bin/../lib/gcc/arm-none-eabi/7.3.1/thumb/v6-m\libgcc.a(divdf3.o)
                              Core/Src/main.o (__aeabi_ddiv)
e:/stmcubeide/stm32cubeide_1.1.0/stm32cubeide/plugins/com.st.stm32cube.ide.mcu.externaltools.gnu-tools-for-stm32.7-2018-q2-update.win32_1.0.0.201904181610/tools/bin/../lib/gcc/arm-none-eabi/7.3.1/thumb/v6-m\libgcc.a(muldf3.o)
                              Core/Src/main.o (__aeabi_dmul)
[...]
Memory Configuration

Name             Origin             Length             Attributes
RAM              0x0000000020000000 0x0000000000005000 xrw
FLASH            0x0000000008000000 0x0000000000020000 xr
*default*        0x0000000000000000 0xffffffffffffffff

Linker script and memory map

LOAD e:/stmcubeide/stm32cubeide_1.1.0/stm32cubeide/plugins/com.st.stm32cube.ide.mcu.externaltools.gnu-tools-for-stm32.7-2018-q2-update.win32_1.0.0.201904181610/tools/bin/../lib/gcc/arm-none-eabi/7.3.1/thumb/v6-m/crti.o
LOAD e:/stmcubeide/stm32cubeide_1.1.0/stm32cubeide/plugins/com.st.stm32cube.ide.mcu.externaltools.gnu-tools-for-stm32.7-2018-q2-update.win32_1.0.0.201904181610/tools/bin/../lib/gcc/arm-none-eabi/7.3.1/thumb/v6-m/crtbegin.o
LOAD e:/stmcubeide/stm32cubeide_1.1.0/stm32cubeide/plugins/com.st.stm32cube.ide.mcu.externaltools.gnu-tools-for-stm32.7-2018-q2-update.win32_1.0.0.201904181610/tools/bin/../lib/gcc/arm-none-eabi/7.3.1/../../../../arm-none-eabi/lib/thumb/v6-m/crt0.o
LOAD Core/Src/ADXL.o
LOAD Core/Src/Delay.o
LOAD Core/Src/main.o
LOAD Core/Src/stm32l0xx_hal_msp.o
LOAD Core/Src/stm32l0xx_it.o
LOAD Core/Src/syscalls.o
LOAD Core/Src/sysmem.o
LOAD Core/Src/system_stm32l0xx.o
LOAD Core/Startup/startup_stm32l010rbtx.o
LOAD Drivers/STM32L0xx_HAL_Driver/Src/stm32l0xx_hal.o
LOAD Drivers/STM32L0xx_HAL_Driver/Src/stm32l0xx_hal_cortex.o
LOAD Drivers/STM32L0xx_HAL_Driver/Src/stm32l0xx_hal_dma.o
LOAD Drivers/STM32L0xx_HAL_Driver/Src/stm32l0xx_hal_flash.o
LOAD Drivers/STM32L0xx_HAL_Driver/Src/stm32l0xx_hal_flash_ex.o
LOAD Drivers/STM32L0xx_HAL_Driver/Src/stm32l0xx_hal_flash_ramfunc.o
LOAD Drivers/STM32L0xx_HAL_Driver/Src/stm32l0xx_hal_gpio.o
LOAD Drivers/STM32L0xx_HAL_Driver/Src/stm32l0xx_hal_i2c.o
LOAD Drivers/STM32L0xx_HAL_Driver/Src/stm32l0xx_hal_i2c_ex.o
LOAD Drivers/STM32L0xx_HAL_Driver/Src/stm32l0xx_hal_pwr.o
LOAD Drivers/STM32L0xx_HAL_Driver/Src/stm32l0xx_hal_pwr_ex.o
LOAD Drivers/STM32L0xx_HAL_Driver/Src/stm32l0xx_hal_rcc.o
LOAD Drivers/STM32L0xx_HAL_Driver/Src/stm32l0xx_hal_rcc_ex.o
LOAD Drivers/STM32L0xx_HAL_Driver/Src/stm32l0xx_hal_spi.o
LOAD Drivers/STM32L0xx_HAL_Driver/Src/stm32l0xx_hal_tim.o
LOAD Drivers/STM32L0xx_HAL_Driver/Src/stm32l0xx_hal_tim_ex.o
START GROUP
LOAD e:/stmcubeide/stm32cubeide_1.1.0/stm32cubeide/plugins/com.st.stm32cube.ide.mcu.externaltools.gnu-tools-for-stm32.7-2018-q2-update.win32_1.0.0.201904181610/tools/bin/../lib/gcc/arm-none-eabi/7.3.1/../../../../arm-none-eabi/lib/thumb/v6-m\libc_nano.a
LOAD e:/stmcubeide/stm32cubeide_1.1.0/stm32cubeide/plugins/com.st.stm32cube.ide.mcu.externaltools.gnu-tools-for-stm32.7-2018-q2-update.win32_1.0.0.201904181610/tools/bin/../lib/gcc/arm-none-eabi/7.3.1/../../../../arm-none-eabi/lib/thumb/v6-m\libm.a
END GROUP
START GROUP
LOAD e:/stmcubeide/stm32cubeide_1.1.0/stm32cubeide/plugins/com.st.stm32cube.ide.mcu.externaltools.gnu-tools-for-stm32.7-2018-q2-update.win32_1.0.0.201904181610/tools/bin/../lib/gcc/arm-none-eabi/7.3.1/thumb/v6-m\libgcc.a
LOAD e:/stmcubeide/stm32cubeide_1.1.0/stm32cubeide/plugins/com.st.stm32cube.ide.mcu.externaltools.gnu-tools-for-stm32.7-2018-q2-update.win32_1.0.0.201904181610/tools/bin/../lib/gcc/arm-none-eabi/7.3.1/../../../../arm-none-eabi/lib/thumb/v6-m\libc_nano.a
END GROUP
START GROUP
LOAD e:/stmcubeide/stm32cubeide_1.1.0/stm32cubeide/plugins/com.st.stm32cube.ide.mcu.externaltools.gnu-tools-for-stm32.7-2018-q2-update.win32_1.0.0.201904181610/tools/bin/../lib/gcc/arm-none-eabi/7.3.1/thumb/v6-m\libgcc.a
LOAD e:/stmcubeide/stm32cubeide_1.1.0/stm32cubeide/plugins/com.st.stm32cube.ide.mcu.externaltools.gnu-tools-for-stm32.7-2018-q2-update.win32_1.0.0.201904181610/tools/bin/../lib/gcc/arm-none-eabi/7.3.1/../../../../arm-none-eabi/lib/thumb/v6-m\libc_nano.a
LOAD e:/stmcubeide/stm32cubeide_1.1.0/stm32cubeide/plugins/com.st.stm32cube.ide.mcu.externaltools.gnu-tools-for-stm32.7-2018-q2-update.win32_1.0.0.201904181610/tools/bin/../lib/gcc/arm-none-eabi/7.3.1/../../../../arm-none-eabi/lib/thumb/v6-m\libnosys.a
END GROUP
START GROUP
LOAD e:/stmcubeide/stm32cubeide_1.1.0/stm32cubeide/plugins/com.st.stm32cube.ide.mcu.externaltools.gnu-tools-for-stm32.7-2018-q2-update.win32_1.0.0.201904181610/tools/bin/../lib/gcc/arm-none-eabi/7.3.1/thumb/v6-m\libgcc.a
LOAD e:/stmcubeide/stm32cubeide_1.1.0/stm32cubeide/plugins/com.st.stm32cube.ide.mcu.externaltools.gnu-tools-for-stm32.7-2018-q2-update.win32_1.0.0.201904181610/tools/bin/../lib/gcc/arm-none-eabi/7.3.1/../../../../arm-none-eabi/lib/thumb/v6-m\libc_nano.a
LOAD e:/stmcubeide/stm32cubeide_1.1.0/stm32cubeide/plugins/com.st.stm32cube.ide.mcu.externaltools.gnu-tools-for-stm32.7-2018-q2-update.win32_1.0.0.201904181610/tools/bin/../lib/gcc/arm-none-eabi/7.3.1/../../../../arm-none-eabi/lib/thumb/v6-m\libnosys.a
END GROUP
LOAD e:/stmcubeide/stm32cubeide_1.1.0/stm32cubeide/plugins/com.st.stm32cube.ide.mcu.externaltools.gnu-tools-for-stm32.7-2018-q2-update.win32_1.0.0.201904181610/tools/bin/../lib/gcc/arm-none-eabi/7.3.1/thumb/v6-m/crtend.o
LOAD e:/stmcubeide/stm32cubeide_1.1.0/stm32cubeide/plugins/com.st.stm32cube.ide.mcu.externaltools.gnu-tools-for-stm32.7-2018-q2-update.win32_1.0.0.201904181610/tools/bin/../lib/gcc/arm-none-eabi/7.3.1/thumb/v6-m/crtn.o
                0x0000000020005000                _estack = (ORIGIN (RAM) + LENGTH (RAM))
                0x0000000000000200                _Min_Heap_Size = 0x200
                0x0000000000000400                _Min_Stack_Size = 0x400

.isr_vector     0x0000000008000000       0xc0
                0x0000000008000000                . = ALIGN (0x4)
 *(.isr_vector)
 .isr_vector    0x0000000008000000       0xc0 Core/Startup/startup_stm32l010rbtx.o
                0x0000000008000000                g_pfnVectors
                0x00000000080000c0                . = ALIGN (0x4)

.text           0x00000000080000c0     0x354c
                0x00000000080000c0                . = ALIGN (0x4)
 *(.text)
 .text          0x00000000080000c0       0x48 e:/stmcubeide/stm32cubeide_1.1.0/stm32cubeide/plugins/com.st.stm32cube.ide.mcu.externaltools.gnu-tools-for-stm32.7-2018-q2-update.win32_1.0.0.201904181610/tools/bin/../lib/gcc/arm-none-eabi/7.3.1/thumb/v6-m/crtbegin.o
 .text          0x0000000008000108      0x114 e:/stmcubeide/stm32cubeide_1.1.0/stm32cubeide/plugins/com.st.stm32cube.ide.mcu.externaltools.gnu-tools-for-stm32.7-2018-q2-update.win32_1.0.0.201904181610/tools/bin/../lib/gcc/arm-none-eabi/7.3.1/thumb/v6-m\libgcc.a(_udivsi3.o)
                0x0000000008000108                __aeabi_uidiv
                0x0000000008000108                __udivsi3
                0x0000000008000214                __aeabi_uidivmod
 .text          0x000000000800021c        0x4 e:/stmcubeide/stm32cubeide_1.1.0/stm32cubeide/plugins/com.st.stm32cube.ide.mcu.externaltools.gnu-tools-for-stm32.7-2018-q2-update.win32_1.0.0.201904181610/tools/bin/../lib/gcc/arm-none-eabi/7.3.1/thumb/v6-m\libgcc.a(_dvmd_tls.o)
                0x000000000800021c                __aeabi_idiv0
                0x000000000800021c                __aeabi_ldiv0
 .text          0x0000000008000220       0x94 e:/stmcubeide/stm32cubeide_1.1.0/stm32cubeide/plugins/com.st.stm32cube.ide.mcu.externaltools.gnu-tools-for-stm32.7-2018-q2-update.win32_1.0.0.201904181610/tools/bin/../lib/gcc/arm-none-eabi/7.3.1/thumb/v6-m\libgcc.a(floatsisf.o)
                0x0000000008000220                __aeabi_i2f
 .text          0x00000000080002b4      0x604 e:/stmcubeide/stm32cubeide_1.1.0/stm32cubeide/plugins/com.st.stm32cube.ide.mcu.externaltools.gnu-tools-for-stm32.7-2018-q2-update.win32_1.0.0.201904181610/tools/bin/../lib/gcc/arm-none-eabi/7.3.1/thumb/v6-m\libgcc.a(divdf3.o)
                0x00000000080002b4                __aeabi_ddiv
 .text          0x00000000080008b8      0x4e4 e:/stmcubeide/stm32cubeide_1.1.0/stm32cubeide/plugins/com.st.stm32cube.ide.mcu.externaltools.gnu-tools-for-stm32.7-2018-q2-update.win32_1.0.0.201904181610/tools/bin/../lib/gcc/arm-none-eabi/7.3.1/thumb/v6-m\libgcc.a(muldf3.o)
                0x00000000080008b8                __aeabi_dmul
 .text          0x0000000008000d9c       0xa4 e:/stmcubeide/stm32cubeide_1.1.0/stm32cubeide/plugins/com.st.stm32cube.ide.mcu.externaltools.gnu-tools-for-stm32.7-2018-q2-update.win32_1.0.0.201904181610/tools/bin/../lib/gcc/arm-none-eabi/7.3.1/thumb/v6-m\libgcc.a(extendsfdf2.o)
                0x0000000008000d9c                __aeabi_f2d
 .text          0x0000000008000e40      0x108 e:/stmcubeide/stm32cubeide_1.1.0/stm32cubeide/plugins/com.st.stm32cube.ide.mcu.externaltools.gnu-tools-for-stm32.7-2018-q2-update.win32_1.0.0.201904181610/tools/bin/../lib/gcc/arm-none-eabi/7.3.1/thumb/v6-m\libgcc.a(truncdfsf2.o)
                0x0000000008000e40                __aeabi_d2f
 .text          0x0000000008000f48       0x3c e:/stmcubeide/stm32cubeide_1.1.0/stm32cubeide/plugins/com.st.stm32cube.ide.mcu.externaltools.gnu-tools-for-stm32.7-2018-q2-update.win32_1.0.0.201904181610/tools/bin/../lib/gcc/arm-none-eabi/7.3.1/thumb/v6-m\libgcc.a(_clzsi2.o)
                0x0000000008000f48                __clzsi2
 *(.text*)
 .text.writeRegister
                0x0000000008000f84       0x70 Core/Src/ADXL.o
                0x0000000008000f84                writeRegister
 .text.readRegister
                0x0000000008000ff4       0xa0 Core/Src/ADXL.o
                0x0000000008000ff4                readRegister
 .text.adxlBW   0x0000000008001094       0xb4 Core/Src/ADXL.o
                0x0000000008001094                adxlBW
 .text.adxlFormat
                0x0000000008001148       0x6e Core/Src/ADXL.o
                0x0000000008001148                adxlFormat
 *fill*         0x00000000080011b6        0x2 
 .text.ADXL_Init
                0x00000000080011b8      0x178 Core/Src/ADXL.o
                0x00000000080011b8                ADXL_Init
 .text.ADXL_Measure
                0x0000000008001330       0x7a Core/Src/ADXL.o
                0x0000000008001330                ADXL_Measure
 .text.ADXL_IntProto
                0x00000000080013aa       0x20 Core/Src/ADXL.o
                0x00000000080013aa                ADXL_IntProto
 *fill*         0x00000000080013ca        0x2 
 .text.delay_init
                0x00000000080013cc       0x4c Core/Src/Delay.o
                0x00000000080013cc                delay_init
 .text.delay_us
                0x0000000008001418       0x5c Core/Src/Delay.o
                0x0000000008001418                delay_us
 .text.main     0x0000000008001474      0x218 Core/Src/main.o
                0x0000000008001474                main
 .text.SystemClock_Config
                0x000000000800168c       0xb8 Core/Src/main.o
                0x000000000800168c                SystemClock_Config
 .text.MX_SPI1_Init
                0x0000000008001744       0x70 Core/Src/main.o
 .text.MX_GPIO_Init
                0x00000000080017b4       0xc0 Core/Src/main.o
 .text.Error_Handler
                0x0000000008001874        0xa Core/Src/main.o
                0x0000000008001874                Error_Handler
 *fill*         0x000000000800187e        0x2 
 .text.HAL_MspInit
                0x0000000008001880       0x28 Core/Src/stm32l0xx_hal_msp.o
                0x0000000008001880                HAL_MspInit
 .text.HAL_SPI_MspInit
                0x00000000080018a8       0xd0 Core/Src/stm32l0xx_hal_msp.o
                0x00000000080018a8                HAL_SPI_MspInit
 .text.NMI_Handler
                0x0000000008001978        0xa Core/Src/stm32l0xx_it.o
                0x0000000008001978                NMI_Handler
 .text.HardFault_Handler
                0x0000000008001982        0x6 Core/Src/stm32l0xx_it.o
                0x0000000008001982                HardFault_Handler
 .text.SVC_Handler
                0x0000000008001988        0xa Core/Src/stm32l0xx_it.o
                0x0000000008001988                SVC_Handler
 .text.PendSV_Handler
                0x0000000008001992        0xa Core/Src/stm32l0xx_it.o
                0x0000000008001992                PendSV_Handler
 .text.SysTick_Handler
                0x000000000800199c        0xe Core/Src/stm32l0xx_it.o
                0x000000000800199c                SysTick_Handler
 *fill*         0x00000000080019aa        0x2 
 .text.SystemInit
                0x00000000080019ac       0x7c Core/Src/system_stm32l0xx.o
                0x00000000080019ac                SystemInit
 .text.Reset_Handler
                0x0000000008001a28       0x80 Core/Startup/startup_stm32l010rbtx.o
                0x0000000008001a28                Reset_Handler
 .text.Default_Handler
                0x0000000008001aa8        0x2 Core/Startup/startup_stm32l010rbtx.o
                0x0000000008001aa8                I2C1_IRQHandler
                0x0000000008001aa8                SPI1_IRQHandler
                0x0000000008001aa8                EXTI2_3_IRQHandler
                0x0000000008001aa8                ADC1_IRQHandler
                0x0000000008001aa8                RTC_IRQHandler
                0x0000000008001aa8                DMA1_Channel4_5_6_7_IRQHandler
                0x0000000008001aa8                EXTI4_15_IRQHandler
                0x0000000008001aa8                RCC_IRQHandler
                0x0000000008001aa8                DMA1_Channel1_IRQHandler
                0x0000000008001aa8                Default_Handler
                0x0000000008001aa8                TIM22_IRQHandler
                0x0000000008001aa8                EXTI0_1_IRQHandler
                0x0000000008001aa8                TIM21_IRQHandler
                0x0000000008001aa8                WWDG_IRQHandler
                0x0000000008001aa8                LPUART1_IRQHandler
                0x0000000008001aa8                TIM2_IRQHandler
                0x0000000008001aa8                DMA1_Channel2_3_IRQHandler
                0x0000000008001aa8                USART2_IRQHandler
                0x0000000008001aa8                FLASH_IRQHandler
                0x0000000008001aa8                LPTIM1_IRQHandler
 *fill*         0x0000000008001aaa        0x2 
 .text.HAL_Init
                0x0000000008001aac       0x40 Drivers/STM32L0xx_HAL_Driver/Src/stm32l0xx_hal.o
                0x0000000008001aac                HAL_Init
 .text.HAL_InitTick
                0x0000000008001aec       0x54 Drivers/STM32L0xx_HAL_Driver/Src/stm32l0xx_hal.o
                0x0000000008001aec                HAL_InitTick
 .text.HAL_IncTick
                0x0000000008001b40       0x18 Drivers/STM32L0xx_HAL_Driver/Src/stm32l0xx_hal.o
                0x0000000008001b40                HAL_IncTick
 .text.HAL_GetTick
                0x0000000008001b58       0x14 Drivers/STM32L0xx_HAL_Driver/Src/stm32l0xx_hal.o
                0x0000000008001b58                HAL_GetTick
 .text.NVIC_SetPriority
                0x0000000008001b6c       0xdc Drivers/STM32L0xx_HAL_Driver/Src/stm32l0xx_hal_cortex.o
 .text.SysTick_Config
                0x0000000008001c48       0x48 Drivers/STM32L0xx_HAL_Driver/Src/stm32l0xx_hal_cortex.o
 .text.HAL_NVIC_SetPriority
                0x0000000008001c90       0x2a Drivers/STM32L0xx_HAL_Driver/Src/stm32l0xx_hal_cortex.o
                0x0000000008001c90                HAL_NVIC_SetPriority
 .text.HAL_SYSTICK_Config
                0x0000000008001cba       0x1a Drivers/STM32L0xx_HAL_Driver/Src/stm32l0xx_hal_cortex.o
                0x0000000008001cba                HAL_SYSTICK_Config
 .text.HAL_GPIO_Init
                0x0000000008001cd4      0x2fc Drivers/STM32L0xx_HAL_Driver/Src/stm32l0xx_hal_gpio.o
                0x0000000008001cd4                HAL_GPIO_Init
 .text.HAL_GPIO_WritePin
                0x0000000008001fd0       0x3a Drivers/STM32L0xx_HAL_Driver/Src/stm32l0xx_hal_gpio.o
                0x0000000008001fd0                HAL_GPIO_WritePin
 *fill*         0x000000000800200a        0x2 
 .text.HAL_RCC_OscConfig
                0x000000000800200c      0x6f4 Drivers/STM32L0xx_HAL_Driver/Src/stm32l0xx_hal_rcc.o
                0x000000000800200c                HAL_RCC_OscConfig
 .text.HAL_RCC_ClockConfig
                0x0000000008002700      0x254 Drivers/STM32L0xx_HAL_Driver/Src/stm32l0xx_hal_rcc.o
                0x0000000008002700                HAL_RCC_ClockConfig
 .text.HAL_RCC_GetSysClockFreq
                0x0000000008002954      0x108 Drivers/STM32L0xx_HAL_Driver/Src/stm32l0xx_hal_rcc.o
                0x0000000008002954                HAL_RCC_GetSysClockFreq
 .text.HAL_SPI_Init
                0x0000000008002a5c       0xbe Drivers/STM32L0xx_HAL_Driver/Src/stm32l0xx_hal_spi.o
                0x0000000008002a5c                HAL_SPI_Init
 .text.HAL_SPI_Transmit
                0x0000000008002b1a      0x29c Drivers/STM32L0xx_HAL_Driver/Src/stm32l0xx_hal_spi.o
                0x0000000008002b1a                HAL_SPI_Transmit
 *fill*         0x0000000008002db6        0x2 
 .text.HAL_SPI_Receive
                0x0000000008002db8      0x23c Drivers/STM32L0xx_HAL_Driver/Src/stm32l0xx_hal_spi.o
                0x0000000008002db8                HAL_SPI_Receive
 .text.HAL_SPI_TransmitReceive
                0x0000000008002ff4      0x378 Drivers/STM32L0xx_HAL_Driver/Src/stm32l0xx_hal_spi.o
                0x0000000008002ff4                HAL_SPI_TransmitReceive
 .text.SPI_WaitFlagStateUntilTimeout
                0x000000000800336c       0xe0 Drivers/STM32L0xx_HAL_Driver/Src/stm32l0xx_hal_spi.o
 .text.SPI_EndRxTransaction
                0x000000000800344c       0xd4 Drivers/STM32L0xx_HAL_Driver/Src/stm32l0xx_hal_spi.o
 .text.SPI_EndRxTxTransaction
                0x0000000008003520       0x7a Drivers/STM32L0xx_HAL_Driver/Src/stm32l0xx_hal_spi.o
 *fill*         0x000000000800359a        0x2 
 .text.__libc_init_array
                0x000000000800359c       0x48 e:/stmcubeide/stm32cubeide_1.1.0/stm32cubeide/plugins/com.st.stm32cube.ide.mcu.externaltools.gnu-tools-for-stm32.7-2018-q2-update.win32_1.0.0.201904181610/tools/bin/../lib/gcc/arm-none-eabi/7.3.1/../../../../arm-none-eabi/lib/thumb/v6-m\libc_nano.a(lib_a-init.o)
                0x000000000800359c                __libc_init_array
 .text.memset   0x00000000080035e4       0x10 e:/stmcubeide/stm32cubeide_1.1.0/stm32cubeide/plugins/com.st.stm32cube.ide.mcu.externaltools.gnu-tools-for-stm32.7-2018-q2-update.win32_1.0.0.201904181610/tools/bin/../lib/gcc/arm-none-eabi/7.3.1/../../../../arm-none-eabi/lib/thumb/v6-m\libc_nano.a(lib_a-memset.o)
                0x00000000080035e4                memset
 *(.glue_7)
 .glue_7        0x00000000080035f4        0x0 linker stubs
 *(.glue_7t)
 .glue_7t       0x00000000080035f4        0x0 linker stubs
 *(.eh_frame)
 .eh_frame      0x00000000080035f4        0x0 e:/stmcubeide/stm32cubeide_1.1.0/stm32cubeide/plugins/com.st.stm32cube.ide.mcu.externaltools.gnu-tools-for-stm32.7-2018-q2-update.win32_1.0.0.201904181610/tools/bin/../lib/gcc/arm-none-eabi/7.3.1/thumb/v6-m/crtbegin.o
 *(.init)
 .init          0x00000000080035f4        0x4 e:/stmcubeide/stm32cubeide_1.1.0/stm32cubeide/plugins/com.st.stm32cube.ide.mcu.externaltools.gnu-tools-for-stm32.7-2018-q2-update.win32_1.0.0.201904181610/tools/bin/../lib/gcc/arm-none-eabi/7.3.1/thumb/v6-m/crti.o
                0x00000000080035f4                _init
 .init          0x00000000080035f8        0x8 e:/stmcubeide/stm32cubeide_1.1.0/stm32cubeide/plugins/com.st.stm32cube.ide.mcu.externaltools.gnu-tools-for-stm32.7-2018-q2-update.win32_1.0.0.201904181610/tools/bin/../lib/gcc/arm-none-eabi/7.3.1/thumb/v6-m/crtn.o
 *(.fini)
 .fini          0x0000000008003600        0x4 e:/stmcubeide/stm32cubeide_1.1.0/stm32cubeide/plugins/com.st.stm32cube.ide.mcu.externaltools.gnu-tools-for-stm32.7-2018-q2-update.win32_1.0.0.201904181610/tools/bin/../lib/gcc/arm-none-eabi/7.3.1/thumb/v6-m/crti.o
                0x0000000008003600                _fini
 .fini          0x0000000008003604        0x8 e:/stmcubeide/stm32cubeide_1.1.0/stm32cubeide/plugins/com.st.stm32cube.ide.mcu.externaltools.gnu-tools-for-stm32.7-2018-q2-update.win32_1.0.0.201904181610/tools/bin/../lib/gcc/arm-none-eabi/7.3.1/thumb/v6-m/crtn.o
                0x000000000800360c                . = ALIGN (0x4)
                0x000000000800360c                _etext = .

.vfp11_veneer   0x000000000800360c        0x0
 .vfp11_veneer  0x000000000800360c        0x0 linker stubs

.v4_bx          0x000000000800360c        0x0
 .v4_bx         0x000000000800360c        0x0 linker stubs

.iplt           0x000000000800360c        0x0
 .iplt          0x000000000800360c        0x0 e:/stmcubeide/stm32cubeide_1.1.0/stm32cubeide/plugins/com.st.stm32cube.ide.mcu.externaltools.gnu-tools-for-stm32.7-2018-q2-update.win32_1.0.0.201904181610/tools/bin/../lib/gcc/arm-none-eabi/7.3.1/thumb/v6-m/crtbegin.o

.rodata         0x000000000800360c       0x9c
                0x000000000800360c                . = ALIGN (0x4)
 *(.rodata)
 .rodata        0x000000000800360c       0x40 e:/stmcubeide/stm32cubeide_1.1.0/stm32cubeide/plugins/com.st.stm32cube.ide.mcu.externaltools.gnu-tools-for-stm32.7-2018-q2-update.win32_1.0.0.201904181610/tools/bin/../lib/gcc/arm-none-eabi/7.3.1/thumb/v6-m\libgcc.a(divdf3.o)
 .rodata        0x000000000800364c       0x40 e:/stmcubeide/stm32cubeide_1.1.0/stm32cubeide/plugins/com.st.stm32cube.ide.mcu.externaltools.gnu-tools-for-stm32.7-2018-q2-update.win32_1.0.0.201904181610/tools/bin/../lib/gcc/arm-none-eabi/7.3.1/thumb/v6-m\libgcc.a(muldf3.o)
 *(.rodata*)
 .rodata.AHBPrescTable
                0x000000000800368c       0x10 Core/Src/system_stm32l0xx.o
                0x000000000800368c                AHBPrescTable
 .rodata.PLLMulTable
                0x000000000800369c        0x9 Core/Src/system_stm32l0xx.o
                0x000000000800369c                PLLMulTable
                0x00000000080036a8                . = ALIGN (0x4)
 *fill*         0x00000000080036a5        0x3 

.rel.dyn        0x00000000080036a8        0x0
 .rel.iplt      0x00000000080036a8        0x0 e:/stmcubeide/stm32cubeide_1.1.0/stm32cubeide/plugins/com.st.stm32cube.ide.mcu.externaltools.gnu-tools-for-stm32.7-2018-q2-update.win32_1.0.0.201904181610/tools/bin/../lib/gcc/arm-none-eabi/7.3.1/thumb/v6-m/crtbegin.o

.ARM.extab      0x00000000080036a8        0x0
                0x00000000080036a8                . = ALIGN (0x4)
 *(.ARM.extab* .gnu.linkonce.armextab.*)
                0x00000000080036a8                . = ALIGN (0x4)

.ARM            0x00000000080036a8        0x0
                0x00000000080036a8                . = ALIGN (0x4)
                0x00000000080036a8                __exidx_start = .
 *(.ARM.exidx*)
                0x00000000080036a8                __exidx_end = .
                0x00000000080036a8                . = ALIGN (0x4)

.preinit_array  0x00000000080036a8        0x0
                0x00000000080036a8                . = ALIGN (0x4)
                0x00000000080036a8                PROVIDE (__preinit_array_start = .)
 *(.preinit_array*)
                0x00000000080036a8                PROVIDE (__preinit_array_end = .)
                0x00000000080036a8                . = ALIGN (0x4)

.init_array     0x00000000080036a8        0x4
                0x00000000080036a8                . = ALIGN (0x4)
                0x00000000080036a8                PROVIDE (__init_array_start = .)
 *(SORT_BY_NAME(.init_array.*))
 *(.init_array*)
 .init_array    0x00000000080036a8        0x4 e:/stmcubeide/stm32cubeide_1.1.0/stm32cubeide/plugins/com.st.stm32cube.ide.mcu.externaltools.gnu-tools-for-stm32.7-2018-q2-update.win32_1.0.0.201904181610/tools/bin/../lib/gcc/arm-none-eabi/7.3.1/thumb/v6-m/crtbegin.o
                0x00000000080036ac                PROVIDE (__init_array_end = .)
                0x00000000080036ac                . = ALIGN (0x4)

.fini_array     0x00000000080036ac        0x4
                0x00000000080036ac                . = ALIGN (0x4)
                [!provide]                        PROVIDE (__fini_array_start = .)
 *(SORT_BY_NAME(.fini_array.*))
 *(.fini_array*)
 .fini_array    0x00000000080036ac        0x4 e:/stmcubeide/stm32cubeide_1.1.0/stm32cubeide/plugins/com.st.stm32cube.ide.mcu.externaltools.gnu-tools-for-stm32.7-2018-q2-update.win32_1.0.0.201904181610/tools/bin/../lib/gcc/arm-none-eabi/7.3.1/thumb/v6-m/crtbegin.o
                [!provide]                        PROVIDE (__fini_array_end = .)
                0x00000000080036b0                . = ALIGN (0x4)
                0x00000000080036b0                _sidata = LOADADDR (.data)

.data           0x0000000020000000        0x4 load address 0x00000000080036b0
                0x0000000020000000                . = ALIGN (0x4)
                0x0000000020000000                _sdata = .
 *(.data)
 *(.data*)
 .data.SystemCoreClock
                0x0000000020000000        0x4 Core/Src/system_stm32l0xx.o
                0x0000000020000000                SystemCoreClock
                0x0000000020000004                . = ALIGN (0x4)
                0x0000000020000004                _edata = .

.igot.plt       0x0000000020000004        0x0 load address 0x00000000080036b4
 .igot.plt      0x0000000020000004        0x0 e:/stmcubeide/stm32cubeide_1.1.0/stm32cubeide/plugins/com.st.stm32cube.ide.mcu.externaltools.gnu-tools-for-stm32.7-2018-q2-update.win32_1.0.0.201904181610/tools/bin/../lib/gcc/arm-none-eabi/7.3.1/thumb/v6-m/crtbegin.o
                0x0000000020000004                . = ALIGN (0x4)

.bss            0x0000000020000004       0xb4 load address 0x00000000080036b4
                0x0000000020000004                _sbss = .
                0x0000000020000004                __bss_start__ = _sbss
 *(.bss)
 .bss           0x0000000020000004       0x1c e:/stmcubeide/stm32cubeide_1.1.0/stm32cubeide/plugins/com.st.stm32cube.ide.mcu.externaltools.gnu-tools-for-stm32.7-2018-q2-update.win32_1.0.0.201904181610/tools/bin/../lib/gcc/arm-none-eabi/7.3.1/thumb/v6-m/crtbegin.o
 *(.bss*)
 .bss.GAINX     0x0000000020000020        0x4 Core/Src/ADXL.o
                0x0000000020000020                GAINX
 .bss.GAINY     0x0000000020000024        0x4 Core/Src/ADXL.o
                0x0000000020000024                GAINY
 .bss.GAINZ     0x0000000020000028        0x4 Core/Src/ADXL.o
                0x0000000020000028                GAINZ
 .bss.fac_us    0x000000002000002c        0x1 Core/Src/Delay.o
 *fill*         0x000000002000002d        0x1 
 .bss.fac_ms    0x000000002000002e        0x2 Core/Src/Delay.o
 .bss.ADXLid    0x0000000020000030        0x1 Core/Src/main.o
                0x0000000020000030                ADXLid
 *fill*         0x0000000020000031        0x1 
 .bss.Zdata0    0x0000000020000032        0x2 Core/Src/main.o
                0x0000000020000032                Zdata0
 .bss.Zdata1    0x0000000020000034        0x2 Core/Src/main.o
                0x0000000020000034                Zdata1
 .bss.Xdata0    0x0000000020000036        0x2 Core/Src/main.o
                0x0000000020000036                Xdata0
 .bss.Xdata1    0x0000000020000038        0x2 Core/Src/main.o
                0x0000000020000038                Xdata1
 .bss.Ydata0    0x000000002000003a        0x2 Core/Src/main.o
                0x000000002000003a                Ydata0
 .bss.Ydata1    0x000000002000003c        0x2 Core/Src/main.o
                0x000000002000003c                Ydata1
 .bss.accX      0x000000002000003e        0x2 Core/Src/main.o
                0x000000002000003e                accX
 .bss.accXfloat
                0x0000000020000040        0x4 Core/Src/main.o
                0x0000000020000040                accXfloat
 .bss.accY      0x0000000020000044        0x2 Core/Src/main.o
                0x0000000020000044                accY
 *fill*         0x0000000020000046        0x2 
 .bss.accYfloat
                0x0000000020000048        0x4 Core/Src/main.o
                0x0000000020000048                accYfloat
 .bss.accZ      0x000000002000004c        0x2 Core/Src/main.o
                0x000000002000004c                accZ
 *fill*         0x000000002000004e        0x2 
 .bss.accZfloat
                0x0000000020000050        0x4 Core/Src/main.o
                0x0000000020000050                accZfloat
 .bss.data      0x0000000020000054        0x6 Core/Src/main.o
                0x0000000020000054                data
 *(COMMON)
 *fill*         0x000000002000005a        0x2 
 COMMON         0x000000002000005c       0x58 Core/Src/main.o
                0x000000002000005c                hspi1
 COMMON         0x00000000200000b4        0x4 Drivers/STM32L0xx_HAL_Driver/Src/stm32l0xx_hal.o
                0x00000000200000b4                uwTick
                0x00000000200000b8                . = ALIGN (0x4)
                0x00000000200000b8                _ebss = .
                0x00000000200000b8                __bss_end__ = _ebss

._user_heap_stack
                0x00000000200000b8      0x600 load address 0x00000000080036b4
                0x00000000200000b8                . = ALIGN (0x8)
                0x00000000200000b8                PROVIDE (end = .)
                [!provide]                        PROVIDE (_end = .)
                0x00000000200002b8                . = (. + _Min_Heap_Size)
 *fill*         0x00000000200000b8      0x200 
                0x00000000200006b8                . = (. + _Min_Stack_Size)
 *fill*         0x00000000200002b8      0x400 
                0x00000000200006b8                . = ALIGN (0x8)

/DISCARD/
 libc.a(*)
 libm.a(*)
 libgcc.a(*)

.ARM.attributes
                0x0000000000000000       0x28
 *(.ARM.attributes)
 .ARM.attributes
                0x0000000000000000       0x1e e:/stmcubeide/stm32cubeide_1.1.0/stm32cubeide/plugins/com.st.stm32cube.ide.mcu.externaltools.gnu-tools-for-stm32.7-2018-q2-update.win32_1.0.0.201904181610/tools/bin/../lib/gcc/arm-none-eabi/7.3.1/thumb/v6-m/crti.o
 .ARM.attributes
                0x000000000000001e       0x2c e:/stmcubeide/stm32cubeide_1.1.0/stm32cubeide/plugins/com.st.stm32cube.ide.mcu.externaltools.gnu-tools-for-stm32.7-2018-q2-update.win32_1.0.0.201904181610/tools/bin/../lib/gcc/arm-none-eabi/7.3.1/thumb/v6-m/crtbegin.o
 .ARM.attributes
                0x000000000000004a       0x32 Core/Src/ADXL.o
 .ARM.attributes
                0x000000000000007c       0x32 Core/Src/Delay.o
 .ARM.attributes
                0x00000000000000ae       0x32 Core/Src/main.o
 .ARM.attributes
                0x00000000000000e0       0x32 Core/Src/stm32l0xx_hal_msp.o
 .ARM.attributes
                0x0000000000000112       0x32 Core/Src/stm32l0xx_it.o
 .ARM.attributes
                0x0000000000000144       0x32 Core/Src/system_stm32l0xx.o
 .ARM.attributes
                0x0000000000000176       0x22 Core/Startup/startup_stm32l010rbtx.o
 .ARM.attributes
                0x0000000000000198       0x32 Drivers/STM32L0xx_HAL_Driver/Src/stm32l0xx_hal.o
 .ARM.attributes
                0x00000000000001ca       0x32 Drivers/STM32L0xx_HAL_Driver/Src/stm32l0xx_hal_cortex.o
 .ARM.attributes
                0x00000000000001fc       0x32 Drivers/STM32L0xx_HAL_Driver/Src/stm32l0xx_hal_gpio.o
 .ARM.attributes
                0x000000000000022e       0x32 Drivers/STM32L0xx_HAL_Driver/Src/stm32l0xx_hal_rcc.o
 .ARM.attributes
                0x0000000000000260       0x32 Drivers/STM32L0xx_HAL_Driver/Src/stm32l0xx_hal_spi.o
 .ARM.attributes
                0x0000000000000292       0x2c e:/stmcubeide/stm32cubeide_1.1.0/stm32cubeide/plugins/com.st.stm32cube.ide.mcu.externaltools.gnu-tools-for-stm32.7-2018-q2-update.win32_1.0.0.201904181610/tools/bin/../lib/gcc/arm-none-eabi/7.3.1/../../../../arm-none-eabi/lib/thumb/v6-m\libc_nano.a(lib_a-init.o)
 .ARM.attributes
                0x00000000000002be       0x2c e:/stmcubeide/stm32cubeide_1.1.0/stm32cubeide/plugins/com.st.stm32cube.ide.mcu.externaltools.gnu-tools-for-stm32.7-2018-q2-update.win32_1.0.0.201904181610/tools/bin/../lib/gcc/arm-none-eabi/7.3.1/../../../../arm-none-eabi/lib/thumb/v6-m\libc_nano.a(lib_a-memset.o)
 .ARM.attributes
                0x00000000000002ea       0x1e e:/stmcubeide/stm32cubeide_1.1.0/stm32cubeide/plugins/com.st.stm32cube.ide.mcu.externaltools.gnu-tools-for-stm32.7-2018-q2-update.win32_1.0.0.201904181610/tools/bin/../lib/gcc/arm-none-eabi/7.3.1/thumb/v6-m\libgcc.a(_udivsi3.o)
 .ARM.attributes
                0x0000000000000308       0x1e e:/stmcubeide/stm32cubeide_1.1.0/stm32cubeide/plugins/com.st.stm32cube.ide.mcu.externaltools.gnu-tools-for-stm32.7-2018-q2-update.win32_1.0.0.201904181610/tools/bin/../lib/gcc/arm-none-eabi/7.3.1/thumb/v6-m\libgcc.a(_dvmd_tls.o)
 .ARM.attributes
                0x0000000000000326       0x2c e:/stmcubeide/stm32cubeide_1.1.0/stm32cubeide/plugins/com.st.stm32cube.ide.mcu.externaltools.gnu-tools-for-stm32.7-2018-q2-update.win32_1.0.0.201904181610/tools/bin/../lib/gcc/arm-none-eabi/7.3.1/thumb/v6-m\libgcc.a(floatsisf.o)
 .ARM.attributes
                0x0000000000000352       0x2c e:/stmcubeide/stm32cubeide_1.1.0/stm32cubeide/plugins/com.st.stm32cube.ide.mcu.externaltools.gnu-tools-for-stm32.7-2018-q2-update.win32_1.0.0.201904181610/tools/bin/../lib/gcc/arm-none-eabi/7.3.1/thumb/v6-m\libgcc.a(divdf3.o)
 .ARM.attributes
                0x000000000000037e       0x2c e:/stmcubeide/stm32cubeide_1.1.0/stm32cubeide/plugins/com.st.stm32cube.ide.mcu.externaltools.gnu-tools-for-stm32.7-2018-q2-update.win32_1.0.0.201904181610/tools/bin/../lib/gcc/arm-none-eabi/7.3.1/thumb/v6-m\libgcc.a(muldf3.o)
 .ARM.attributes
                0x00000000000003aa       0x2c e:/stmcubeide/stm32cubeide_1.1.0/stm32cubeide/plugins/com.st.stm32cube.ide.mcu.externaltools.gnu-tools-for-stm32.7-2018-q2-update.win32_1.0.0.201904181610/tools/bin/../lib/gcc/arm-none-eabi/7.3.1/thumb/v6-m\libgcc.a(extendsfdf2.o)
 .ARM.attributes
                0x00000000000003d6       0x2c e:/stmcubeide/stm32cubeide_1.1.0/stm32cubeide/plugins/com.st.stm32cube.ide.mcu.externaltools.gnu-tools-for-stm32.7-2018-q2-update.win32_1.0.0.201904181610/tools/bin/../lib/gcc/arm-none-eabi/7.3.1/thumb/v6-m\libgcc.a(truncdfsf2.o)
 .ARM.attributes
                0x0000000000000402       0x1e e:/stmcubeide/stm32cubeide_1.1.0/stm32cubeide/plugins/com.st.stm32cube.ide.mcu.externaltools.gnu-tools-for-stm32.7-2018-q2-update.win32_1.0.0.201904181610/tools/bin/../lib/gcc/arm-none-eabi/7.3.1/thumb/v6-m\libgcc.a(_clzsi2.o)
 .ARM.attributes
                0x0000000000000420       0x1e e:/stmcubeide/stm32cubeide_1.1.0/stm32cubeide/plugins/com.st.stm32cube.ide.mcu.externaltools.gnu-tools-for-stm32.7-2018-q2-update.win32_1.0.0.201904181610/tools/bin/../lib/gcc/arm-none-eabi/7.3.1/thumb/v6-m/crtn.o
OUTPUT(STM32L0_ADXL345.elf elf32-littlearm)

.debug_info     0x0000000000000000     0x5cf4
 .debug_info    0x0000000000000000      0xd1e Core/Src/ADXL.o
 .debug_info    0x0000000000000d1e      0x299 Core/Src/Delay.o
 .debug_info    0x0000000000000fb7      0xc64 Core/Src/main.o
 .debug_info    0x0000000000001c1b      0x84d Core/Src/stm32l0xx_hal_msp.o
 .debug_info    0x0000000000002468      0x179 Core/Src/stm32l0xx_it.o
 .debug_info    0x00000000000025e1      0x390 Core/Src/system_stm32l0xx.o
 .debug_info    0x0000000000002971       0x22 Core/Startup/startup_stm32l010rbtx.o
 .debug_info    0x0000000000002993      0x770 Drivers/STM32L0xx_HAL_Driver/Src/stm32l0xx_hal.o
 .debug_info    0x0000000000003103      0x703 Drivers/STM32L0xx_HAL_Driver/Src/stm32l0xx_hal_cortex.o
 .debug_info    0x0000000000003806      0x6b7 Drivers/STM32L0xx_HAL_Driver/Src/stm32l0xx_hal_gpio.o
 .debug_info    0x0000000000003ebd      0x8b4 Drivers/STM32L0xx_HAL_Driver/Src/stm32l0xx_hal_rcc.o
 .debug_info    0x0000000000004771     0x1583 Drivers/STM32L0xx_HAL_Driver/Src/stm32l0xx_hal_spi.o

.debug_abbrev   0x0000000000000000     0x1379
 .debug_abbrev  0x0000000000000000      0x247 Core/Src/ADXL.o
 .debug_abbrev  0x0000000000000247      0x13c Core/Src/Delay.o
 .debug_abbrev  0x0000000000000383      0x22c Core/Src/main.o
 .debug_abbrev  0x00000000000005af      0x18c Core/Src/stm32l0xx_hal_msp.o
 .debug_abbrev  0x000000000000073b       0xac Core/Src/stm32l0xx_it.o
 .debug_abbrev  0x00000000000007e7      0x111 Core/Src/system_stm32l0xx.o
 .debug_abbrev  0x00000000000008f8       0x12 Core/Startup/startup_stm32l010rbtx.o
 .debug_abbrev  0x000000000000090a      0x219 Drivers/STM32L0xx_HAL_Driver/Src/stm32l0xx_hal.o
 .debug_abbrev  0x0000000000000b23      0x23c Drivers/STM32L0xx_HAL_Driver/Src/stm32l0xx_hal_cortex.o
 .debug_abbrev  0x0000000000000d5f      0x1c0 Drivers/STM32L0xx_HAL_Driver/Src/stm32l0xx_hal_gpio.o
 .debug_abbrev  0x0000000000000f1f      0x21a Drivers/STM32L0xx_HAL_Driver/Src/stm32l0xx_hal_rcc.o
 .debug_abbrev  0x0000000000001139      0x240 Drivers/STM32L0xx_HAL_Driver/Src/stm32l0xx_hal_spi.o

.debug_aranges  0x0000000000000000      0x670
 .debug_aranges
                0x0000000000000000       0xc8 Core/Src/ADXL.o
 .debug_aranges
                0x00000000000000c8       0x48 Core/Src/Delay.o
 .debug_aranges
                0x0000000000000110       0x40 Core/Src/main.o
 .debug_aranges
                0x0000000000000150       0x30 Core/Src/stm32l0xx_hal_msp.o
 .debug_aranges
                0x0000000000000180       0x40 Core/Src/stm32l0xx_it.o
 .debug_aranges
                0x00000000000001c0       0x28 Core/Src/system_stm32l0xx.o
 .debug_aranges
                0x00000000000001e8       0x28 Core/Startup/startup_stm32l010rbtx.o
 .debug_aranges
                0x0000000000000210       0xf8 Drivers/STM32L0xx_HAL_Driver/Src/stm32l0xx_hal.o
 .debug_aranges
                0x0000000000000308       0xc0 Drivers/STM32L0xx_HAL_Driver/Src/stm32l0xx_hal_cortex.o
 .debug_aranges
                0x00000000000003c8       0x58 Drivers/STM32L0xx_HAL_Driver/Src/stm32l0xx_hal_gpio.o
 .debug_aranges
                0x0000000000000420       0x80 Drivers/STM32L0xx_HAL_Driver/Src/stm32l0xx_hal_rcc.o
 .debug_aranges
                0x00000000000004a0      0x1d0 Drivers/STM32L0xx_HAL_Driver/Src/stm32l0xx_hal_spi.o

.debug_ranges   0x0000000000000000      0x5b8
 .debug_ranges  0x0000000000000000       0xb8 Core/Src/ADXL.o
 .debug_ranges  0x00000000000000b8       0x38 Core/Src/Delay.o
 .debug_ranges  0x00000000000000f0       0x30 Core/Src/main.o
 .debug_ranges  0x0000000000000120       0x20 Core/Src/stm32l0xx_hal_msp.o
 .debug_ranges  0x0000000000000140       0x30 Core/Src/stm32l0xx_it.o
 .debug_ranges  0x0000000000000170       0x18 Core/Src/system_stm32l0xx.o
 .debug_ranges  0x0000000000000188       0x20 Core/Startup/startup_stm32l010rbtx.o
 .debug_ranges  0x00000000000001a8       0xe8 Drivers/STM32L0xx_HAL_Driver/Src/stm32l0xx_hal.o
 .debug_ranges  0x0000000000000290       0xb0 Drivers/STM32L0xx_HAL_Driver/Src/stm32l0xx_hal_cortex.o
 .debug_ranges  0x0000000000000340       0x48 Drivers/STM32L0xx_HAL_Driver/Src/stm32l0xx_hal_gpio.o
 .debug_ranges  0x0000000000000388       0x70 Drivers/STM32L0xx_HAL_Driver/Src/stm32l0xx_hal_rcc.o
 .debug_ranges  0x00000000000003f8      0x1c0 Drivers/STM32L0xx_HAL_Driver/Src/stm32l0xx_hal_spi.o

.debug_macro    0x0000000000000000     0xf6c7
 .debug_macro   0x0000000000000000      0x1a6 Core/Src/ADXL.o
 .debug_macro   0x00000000000001a6      0xa48 Core/Src/ADXL.o
 .debug_macro   0x0000000000000bee       0x9b Core/Src/ADXL.o
 .debug_macro   0x0000000000000c89       0x2e Core/Src/ADXL.o
 .debug_macro   0x0000000000000cb7       0x28 Core/Src/ADXL.o
 .debug_macro   0x0000000000000cdf       0x22 Core/Src/ADXL.o
 .debug_macro   0x0000000000000d01       0x8e Core/Src/ADXL.o
 .debug_macro   0x0000000000000d8f       0x51 Core/Src/ADXL.o
 .debug_macro   0x0000000000000de0       0xef Core/Src/ADXL.o
 .debug_macro   0x0000000000000ecf       0x6a Core/Src/ADXL.o
 .debug_macro   0x0000000000000f39      0x1df Core/Src/ADXL.o
 .debug_macro   0x0000000000001118       0x34 Core/Src/ADXL.o
 .debug_macro   0x000000000000114c       0x26 Core/Src/ADXL.o
 .debug_macro   0x0000000000001172      0x329 Core/Src/ADXL.o
 .debug_macro   0x000000000000149b     0x7b87 Core/Src/ADXL.o
 .debug_macro   0x0000000000009022       0x3c Core/Src/ADXL.o
 .debug_macro   0x000000000000905e     0x3525 Core/Src/ADXL.o
 .debug_macro   0x000000000000c583      0x174 Core/Src/ADXL.o
 .debug_macro   0x000000000000c6f7       0x5b Core/Src/ADXL.o
 .debug_macro   0x000000000000c752      0x8a0 Core/Src/ADXL.o
 .debug_macro   0x000000000000cff2      0x500 Core/Src/ADXL.o
 .debug_macro   0x000000000000d4f2      0x13f Core/Src/ADXL.o
 .debug_macro   0x000000000000d631      0x122 Core/Src/ADXL.o
 .debug_macro   0x000000000000d753      0x28e Core/Src/ADXL.o
 .debug_macro   0x000000000000d9e1       0x28 Core/Src/ADXL.o
 .debug_macro   0x000000000000da09      0x129 Core/Src/ADXL.o
 .debug_macro   0x000000000000db32      0x1c6 Core/Src/ADXL.o
 .debug_macro   0x000000000000dcf8      0x22c Core/Src/ADXL.o
 .debug_macro   0x000000000000df24       0x5b Core/Src/ADXL.o
 .debug_macro   0x000000000000df7f       0xa5 Core/Src/ADXL.o
 .debug_macro   0x000000000000e024       0xb0 Core/Src/ADXL.o
 .debug_macro   0x000000000000e0d4       0x16 Core/Src/ADXL.o
 .debug_macro   0x000000000000e0ea      0x22c Core/Src/ADXL.o
 .debug_macro   0x000000000000e316      0x107 Core/Src/ADXL.o
 .debug_macro   0x000000000000e41d      0x1b5 Core/Src/ADXL.o
 .debug_macro   0x000000000000e5d2      0x197 Core/Src/Delay.o
 .debug_macro   0x000000000000e769       0x3a Core/Src/Delay.o
 .debug_macro   0x000000000000e7a3      0x1b0 Core/Src/main.o
 .debug_macro   0x000000000000e953      0x1a3 Core/Src/stm32l0xx_hal_msp.o
 .debug_macro   0x000000000000eaf6      0x1ad Core/Src/stm32l0xx_it.o
 .debug_macro   0x000000000000eca3      0x19f Core/Src/system_stm32l0xx.o
 .debug_macro   0x000000000000ee42      0x1bd Drivers/STM32L0xx_HAL_Driver/Src/stm32l0xx_hal.o
 .debug_macro   0x000000000000efff      0x199 Drivers/STM32L0xx_HAL_Driver/Src/stm32l0xx_hal_cortex.o
 .debug_macro   0x000000000000f198      0x1d1 Drivers/STM32L0xx_HAL_Driver/Src/stm32l0xx_hal_gpio.o
 .debug_macro   0x000000000000f369      0x1bd Drivers/STM32L0xx_HAL_Driver/Src/stm32l0xx_hal_rcc.o
 .debug_macro   0x000000000000f526      0x1a1 Drivers/STM32L0xx_HAL_Driver/Src/stm32l0xx_hal_spi.o

.debug_line     0x0000000000000000     0x6013
 .debug_line    0x0000000000000000      0x939 Core/Src/ADXL.o
 .debug_line    0x0000000000000939      0x724 Core/Src/Delay.o
 .debug_line    0x000000000000105d      0x78f Core/Src/main.o
 .debug_line    0x00000000000017ec      0x6d6 Core/Src/stm32l0xx_hal_msp.o
 .debug_line    0x0000000000001ec2      0x6f3 Core/Src/stm32l0xx_it.o
 .debug_line    0x00000000000025b5      0x6ce Core/Src/system_stm32l0xx.o
 .debug_line    0x0000000000002c83       0x9e Core/Startup/startup_stm32l010rbtx.o
 .debug_line    0x0000000000002d21      0x8aa Drivers/STM32L0xx_HAL_Driver/Src/stm32l0xx_hal.o
 .debug_line    0x00000000000035cb      0x865 Drivers/STM32L0xx_HAL_Driver/Src/stm32l0xx_hal_cortex.o
 .debug_line    0x0000000000003e30      0x840 Drivers/STM32L0xx_HAL_Driver/Src/stm32l0xx_hal_gpio.o
 .debug_line    0x0000000000004670      0x949 Drivers/STM32L0xx_HAL_Driver/Src/stm32l0xx_hal_rcc.o
 .debug_line    0x0000000000004fb9     0x105a Drivers/STM32L0xx_HAL_Driver/Src/stm32l0xx_hal_spi.o

.debug_str      0x0000000000000000    0x5ce34
 .debug_str     0x0000000000000000    0x5b83f Core/Src/ADXL.o
                                      0x5bba0 (size before relaxing)
 .debug_str     0x000000000005b83f       0xa1 Core/Src/Delay.o
                                      0x5b1d1 (size before relaxing)
 .debug_str     0x000000000005b8e0      0x312 Core/Src/main.o
                                      0x5bc71 (size before relaxing)
 .debug_str     0x000000000005bbf2       0x53 Core/Src/stm32l0xx_hal_msp.o
                                      0x5b635 (size before relaxing)
 .debug_str     0x000000000005bc45       0x76 Core/Src/stm32l0xx_it.o
                                      0x5b190 (size before relaxing)
 .debug_str     0x000000000005bcbb       0xa6 Core/Src/system_stm32l0xx.o
                                      0x5b24e (size before relaxing)
 .debug_str     0x000000000005bd61       0x36 Core/Startup/startup_stm32l010rbtx.o
                                         0x78 (size before relaxing)
 .debug_str     0x000000000005bd97      0x4cf Drivers/STM32L0xx_HAL_Driver/Src/stm32l0xx_hal.o
                                      0x5b7ee (size before relaxing)
 .debug_str     0x000000000005c266      0x1d4 Drivers/STM32L0xx_HAL_Driver/Src/stm32l0xx_hal_cortex.o
                                      0x5b52e (size before relaxing)
 .debug_str     0x000000000005c43a      0x242 Drivers/STM32L0xx_HAL_Driver/Src/stm32l0xx_hal_gpio.o
                                      0x5b4fe (size before relaxing)
 .debug_str     0x000000000005c67c      0x279 Drivers/STM32L0xx_HAL_Driver/Src/stm32l0xx_hal_rcc.o
                                      0x5b67f (size before relaxing)
 .debug_str     0x000000000005c8f5      0x53f Drivers/STM32L0xx_HAL_Driver/Src/stm32l0xx_hal_spi.o
                                      0x5ba9d (size before relaxing)

.comment        0x0000000000000000       0x7b
 .comment       0x0000000000000000       0x7b Core/Src/ADXL.o
                                         0x7c (size before relaxing)
 .comment       0x000000000000007b       0x7c Core/Src/Delay.o
 .comment       0x000000000000007b       0x7c Core/Src/main.o
 .comment       0x000000000000007b       0x7c Core/Src/stm32l0xx_hal_msp.o
 .comment       0x000000000000007b       0x7c Core/Src/stm32l0xx_it.o
 .comment       0x000000000000007b       0x7c Core/Src/system_stm32l0xx.o
 .comment       0x000000000000007b       0x7c Drivers/STM32L0xx_HAL_Driver/Src/stm32l0xx_hal.o
 .comment       0x000000000000007b       0x7c Drivers/STM32L0xx_HAL_Driver/Src/stm32l0xx_hal_cortex.o
 .comment       0x000000000000007b       0x7c Drivers/STM32L0xx_HAL_Driver/Src/stm32l0xx_hal_gpio.o
 .comment       0x000000000000007b       0x7c Drivers/STM32L0xx_HAL_Driver/Src/stm32l0xx_hal_rcc.o
 .comment       0x000000000000007b       0x7c Drivers/STM32L0xx_HAL_Driver/Src/stm32l0xx_hal_spi.o

.debug_frame    0x0000000000000000     0x1690
 .debug_frame   0x0000000000000000      0x2e0 Core/Src/ADXL.o
 .debug_frame   0x00000000000002e0       0xcc Core/Src/Delay.o
 .debug_frame   0x00000000000003ac       0xa8 Core/Src/main.o
 .debug_frame   0x0000000000000454       0x6c Core/Src/stm32l0xx_hal_msp.o
 .debug_frame   0x00000000000004c0       0x9c Core/Src/stm32l0xx_it.o
 .debug_frame   0x000000000000055c       0x4c Core/Src/system_stm32l0xx.o
 .debug_frame   0x00000000000005a8      0x338 Drivers/STM32L0xx_HAL_Driver/Src/stm32l0xx_hal.o
 .debug_frame   0x00000000000008e0      0x2a0 Drivers/STM32L0xx_HAL_Driver/Src/stm32l0xx_hal_cortex.o
 .debug_frame   0x0000000000000b80      0x110 Drivers/STM32L0xx_HAL_Driver/Src/stm32l0xx_hal_gpio.o
 .debug_frame   0x0000000000000c90      0x1a4 Drivers/STM32L0xx_HAL_Driver/Src/stm32l0xx_hal_rcc.o
 .debug_frame   0x0000000000000e34      0x6f0 Drivers/STM32L0xx_HAL_Driver/Src/stm32l0xx_hal_spi.o
 .debug_frame   0x0000000000001524       0x2c e:/stmcubeide/stm32cubeide_1.1.0/stm32cubeide/plugins/com.st.stm32cube.ide.mcu.externaltools.gnu-tools-for-stm32.7-2018-q2-update.win32_1.0.0.201904181610/tools/bin/../lib/gcc/arm-none-eabi/7.3.1/../../../../arm-none-eabi/lib/thumb/v6-m\libc_nano.a(lib_a-init.o)
 .debug_frame   0x0000000000001550       0x20 e:/stmcubeide/stm32cubeide_1.1.0/stm32cubeide/plugins/com.st.stm32cube.ide.mcu.externaltools.gnu-tools-for-stm32.7-2018-q2-update.win32_1.0.0.201904181610/tools/bin/../lib/gcc/arm-none-eabi/7.3.1/../../../../arm-none-eabi/lib/thumb/v6-m\libc_nano.a(lib_a-memset.o)
 .debug_frame   0x0000000000001570       0x20 e:/stmcubeide/stm32cubeide_1.1.0/stm32cubeide/plugins/com.st.stm32cube.ide.mcu.externaltools.gnu-tools-for-stm32.7-2018-q2-update.win32_1.0.0.201904181610/tools/bin/../lib/gcc/arm-none-eabi/7.3.1/thumb/v6-m\libgcc.a(_udivsi3.o)
 .debug_frame   0x0000000000001590       0x2c e:/stmcubeide/stm32cubeide_1.1.0/stm32cubeide/plugins/com.st.stm32cube.ide.mcu.externaltools.gnu-tools-for-stm32.7-2018-q2-update.win32_1.0.0.201904181610/tools/bin/../lib/gcc/arm-none-eabi/7.3.1/thumb/v6-m\libgcc.a(floatsisf.o)
 .debug_frame   0x00000000000015bc       0x3c e:/stmcubeide/stm32cubeide_1.1.0/stm32cubeide/plugins/com.st.stm32cube.ide.mcu.externaltools.gnu-tools-for-stm32.7-2018-q2-update.win32_1.0.0.201904181610/tools/bin/../lib/gcc/arm-none-eabi/7.3.1/thumb/v6-m\libgcc.a(divdf3.o)
 .debug_frame   0x00000000000015f8       0x3c e:/stmcubeide/stm32cubeide_1.1.0/stm32cubeide/plugins/com.st.stm32cube.ide.mcu.externaltools.gnu-tools-for-stm32.7-2018-q2-update.win32_1.0.0.201904181610/tools/bin/../lib/gcc/arm-none-eabi/7.3.1/thumb/v6-m\libgcc.a(muldf3.o)
 .debug_frame   0x0000000000001634       0x2c e:/stmcubeide/stm32cubeide_1.1.0/stm32cubeide/plugins/com.st.stm32cube.ide.mcu.externaltools.gnu-tools-for-stm32.7-2018-q2-update.win32_1.0.0.201904181610/tools/bin/../lib/gcc/arm-none-eabi/7.3.1/thumb/v6-m\libgcc.a(extendsfdf2.o)
 .debug_frame   0x0000000000001660       0x30 e:/stmcubeide/stm32cubeide_1.1.0/stm32cubeide/plugins/com.st.stm32cube.ide.mcu.externaltools.gnu-tools-for-stm32.7-2018-q2-update.win32_1.0.0.201904181610/tools/bin/../lib/gcc/arm-none-eabi/7.3.1/thumb/v6-m\libgcc.a(truncdfsf2.o)
